// Jest Snapshot v1, https://goo.gl/fbAQLP

exports[`hydrating state should merge inital state and state on load 1`] = `
Object {
  "foo": "bar",
  "functions": Array [],
  "labels": Array [],
  "procedures": Array [],
  "properties": Array [],
  "relationshipTypes": Array [],
  "role": null,
  "server": Object {
    "dbName": null,
    "edition": null,
    "storeId": null,
    "storeSize": null,
    "version": null,
  },
  "settings": Object {
    "browser.allow_outgoing_connections": false,
    "browser.remote_content_hostname_whitelist": "guides.neo4j.com, localhost",
  },
}
`;

exports[`updating metadata can CLEAR to reset state 1`] = `
Object {
  "functions": Array [],
  "labels": Array [],
  "procedures": Array [],
  "properties": Array [],
  "relationshipTypes": Array [],
  "role": null,
  "server": Object {
    "dbName": null,
    "edition": null,
    "storeId": null,
    "storeSize": null,
    "version": null,
  },
  "settings": Object {
    "browser.allow_outgoing_connections": false,
    "browser.remote_content_hostname_whitelist": "guides.neo4j.com, localhost",
  },
}
`;

exports[`updating metadata can update meta values with UPDATE 1`] = `
Object {
  "myKey": "yo",
  "noKey": true,
  "secondKey": true,
}
`;

exports[`updating metadata can update server info 1`] = `
Object {
  "server": Object {
    "dbName": undefined,
    "edition": "enterprise",
    "storeId": "xxxx",
    "storeSize": undefined,
    "version": "3.2.0-RC2",
  },
  "shouldKeep": true,
}
`;

exports[`updating metadata can update server settings 1`] = `
Object {
  "settings": Object {
    "browser.test": 1,
  },
  "shouldKeep": true,
}
`;
