// Jest Snapshot v1, https://goo.gl/fbAQLP

exports[`TableViews TableView renderObject handles null values 1`] = `
<styled.pre>
  {
  "x": 1
}
</styled.pre>
`;

exports[`TableViews TableView renderObject handles null values 2`] = `
<em>
  null
</em>
`;
